// Jest Snapshot v1, https://goo.gl/fbAQLP

exports[`ListDataView should be fetched data by \`infinite\` 1`] = `
Object {
  "__META__": Object {
    "MODEL_PERSISTED_FIELD": false,
    "collection": undefined,
    "fields": Object {
      "label": Object {
        "defaultValue": undefined,
        "referenceDef": false,
      },
      "name": Object {
        "defaultValue": undefined,
        "referenceDef": false,
      },
    },
    "id": -32,
    "type": "flow.PropertySet",
  },
  "label": "withdrawal",
  "name": "Solutions",
}
`;

exports[`ListDataView should be fetched data by \`page\` 1`] = `
Array [
  Object {
    "__META__": Object {
      "MODEL_PERSISTED_FIELD": false,
      "collection": undefined,
      "fields": Object {
        "label": Object {
          "defaultValue": undefined,
          "referenceDef": false,
        },
        "name": Object {
          "defaultValue": undefined,
          "referenceDef": false,
        },
      },
      "id": -1,
      "type": "flow.PropertySet",
    },
    "label": "Cambridgeshire",
    "name": "Accounts",
  },
  Object {
    "__META__": Object {
      "MODEL_PERSISTED_FIELD": false,
      "collection": undefined,
      "fields": Object {
        "label": Object {
          "defaultValue": undefined,
          "referenceDef": false,
        },
        "name": Object {
          "defaultValue": undefined,
          "referenceDef": false,
        },
      },
      "id": -2,
      "type": "flow.PropertySet",
    },
    "label": "withdrawal",
    "name": "Solutions",
  },
  Object {
    "__META__": Object {
      "MODEL_PERSISTED_FIELD": false,
      "collection": undefined,
      "fields": Object {
        "label": Object {
          "defaultValue": undefined,
          "referenceDef": false,
        },
        "name": Object {
          "defaultValue": undefined,
          "referenceDef": false,
        },
      },
      "id": -3,
      "type": "flow.PropertySet",
    },
    "label": "Practical Wooden Shirt",
    "name": "mint green",
  },
  Object {
    "__META__": Object {
      "MODEL_PERSISTED_FIELD": false,
      "collection": undefined,
      "fields": Object {
        "label": Object {
          "defaultValue": undefined,
          "referenceDef": false,
        },
        "name": Object {
          "defaultValue": undefined,
          "referenceDef": false,
        },
      },
      "id": -4,
      "type": "flow.PropertySet",
    },
    "label": "Falls",
    "name": "pixel",
  },
  Object {
    "__META__": Object {
      "MODEL_PERSISTED_FIELD": false,
      "collection": undefined,
      "fields": Object {
        "label": Object {
          "defaultValue": undefined,
          "referenceDef": false,
        },
        "name": Object {
          "defaultValue": undefined,
          "referenceDef": false,
        },
      },
      "id": -5,
      "type": "flow.PropertySet",
    },
    "label": "array",
    "name": "Isle of Man",
  },
  Object {
    "__META__": Object {
      "MODEL_PERSISTED_FIELD": false,
      "collection": undefined,
      "fields": Object {
        "label": Object {
          "defaultValue": undefined,
          "referenceDef": false,
        },
        "name": Object {
          "defaultValue": undefined,
          "referenceDef": false,
        },
      },
      "id": -6,
      "type": "flow.PropertySet",
    },
    "label": "Rubber",
    "name": "deploy",
  },
  Object {
    "__META__": Object {
      "MODEL_PERSISTED_FIELD": false,
      "collection": undefined,
      "fields": Object {
        "label": Object {
          "defaultValue": undefined,
          "referenceDef": false,
        },
        "name": Object {
          "defaultValue": undefined,
          "referenceDef": false,
        },
      },
      "id": -7,
      "type": "flow.PropertySet",
    },
    "label": "Synergistic",
    "name": "Home Loan Account",
  },
  Object {
    "__META__": Object {
      "MODEL_PERSISTED_FIELD": false,
      "collection": undefined,
      "fields": Object {
        "label": Object {
          "defaultValue": undefined,
          "referenceDef": false,
        },
        "name": Object {
          "defaultValue": undefined,
          "referenceDef": false,
        },
      },
      "id": -8,
      "type": "flow.PropertySet",
    },
    "label": "innovate",
    "name": "Checking Account",
  },
  Object {
    "__META__": Object {
      "MODEL_PERSISTED_FIELD": false,
      "collection": undefined,
      "fields": Object {
        "label": Object {
          "defaultValue": undefined,
          "referenceDef": false,
        },
        "name": Object {
          "defaultValue": undefined,
          "referenceDef": false,
        },
      },
      "id": -9,
      "type": "flow.PropertySet",
    },
    "label": "Tools",
    "name": "engage",
  },
  Object {
    "__META__": Object {
      "MODEL_PERSISTED_FIELD": false,
      "collection": undefined,
      "fields": Object {
        "label": Object {
          "defaultValue": undefined,
          "referenceDef": false,
        },
        "name": Object {
          "defaultValue": undefined,
          "referenceDef": false,
        },
      },
      "id": -10,
      "type": "flow.PropertySet",
    },
    "label": "applications",
    "name": "Dynamic",
  },
]
`;

exports[`ListDataView should be fetched data by \`page\` 2`] = `
Array [
  Object {
    "__META__": Object {
      "MODEL_PERSISTED_FIELD": false,
      "collection": undefined,
      "fields": Object {
        "label": Object {
          "defaultValue": undefined,
          "referenceDef": false,
        },
        "name": Object {
          "defaultValue": undefined,
          "referenceDef": false,
        },
      },
      "id": -1,
      "type": "flow.PropertySet",
    },
    "label": "Cambridgeshire",
    "name": "Accounts",
  },
  Object {
    "__META__": Object {
      "MODEL_PERSISTED_FIELD": false,
      "collection": undefined,
      "fields": Object {
        "label": Object {
          "defaultValue": undefined,
          "referenceDef": false,
        },
        "name": Object {
          "defaultValue": undefined,
          "referenceDef": false,
        },
      },
      "id": -2,
      "type": "flow.PropertySet",
    },
    "label": "withdrawal",
    "name": "Solutions",
  },
  Object {
    "__META__": Object {
      "MODEL_PERSISTED_FIELD": false,
      "collection": undefined,
      "fields": Object {
        "label": Object {
          "defaultValue": undefined,
          "referenceDef": false,
        },
        "name": Object {
          "defaultValue": undefined,
          "referenceDef": false,
        },
      },
      "id": -3,
      "type": "flow.PropertySet",
    },
    "label": "Practical Wooden Shirt",
    "name": "mint green",
  },
  Object {
    "__META__": Object {
      "MODEL_PERSISTED_FIELD": false,
      "collection": undefined,
      "fields": Object {
        "label": Object {
          "defaultValue": undefined,
          "referenceDef": false,
        },
        "name": Object {
          "defaultValue": undefined,
          "referenceDef": false,
        },
      },
      "id": -4,
      "type": "flow.PropertySet",
    },
    "label": "Falls",
    "name": "pixel",
  },
  Object {
    "__META__": Object {
      "MODEL_PERSISTED_FIELD": false,
      "collection": undefined,
      "fields": Object {
        "label": Object {
          "defaultValue": undefined,
          "referenceDef": false,
        },
        "name": Object {
          "defaultValue": undefined,
          "referenceDef": false,
        },
      },
      "id": -5,
      "type": "flow.PropertySet",
    },
    "label": "array",
    "name": "Isle of Man",
  },
  Object {
    "__META__": Object {
      "MODEL_PERSISTED_FIELD": false,
      "collection": undefined,
      "fields": Object {
        "label": Object {
          "defaultValue": undefined,
          "referenceDef": false,
        },
        "name": Object {
          "defaultValue": undefined,
          "referenceDef": false,
        },
      },
      "id": -6,
      "type": "flow.PropertySet",
    },
    "label": "Rubber",
    "name": "deploy",
  },
  Object {
    "__META__": Object {
      "MODEL_PERSISTED_FIELD": false,
      "collection": undefined,
      "fields": Object {
        "label": Object {
          "defaultValue": undefined,
          "referenceDef": false,
        },
        "name": Object {
          "defaultValue": undefined,
          "referenceDef": false,
        },
      },
      "id": -7,
      "type": "flow.PropertySet",
    },
    "label": "Synergistic",
    "name": "Home Loan Account",
  },
  Object {
    "__META__": Object {
      "MODEL_PERSISTED_FIELD": false,
      "collection": undefined,
      "fields": Object {
        "label": Object {
          "defaultValue": undefined,
          "referenceDef": false,
        },
        "name": Object {
          "defaultValue": undefined,
          "referenceDef": false,
        },
      },
      "id": -8,
      "type": "flow.PropertySet",
    },
    "label": "innovate",
    "name": "Checking Account",
  },
  Object {
    "__META__": Object {
      "MODEL_PERSISTED_FIELD": false,
      "collection": undefined,
      "fields": Object {
        "label": Object {
          "defaultValue": undefined,
          "referenceDef": false,
        },
        "name": Object {
          "defaultValue": undefined,
          "referenceDef": false,
        },
      },
      "id": -9,
      "type": "flow.PropertySet",
    },
    "label": "Tools",
    "name": "engage",
  },
  Object {
    "__META__": Object {
      "MODEL_PERSISTED_FIELD": false,
      "collection": undefined,
      "fields": Object {
        "label": Object {
          "defaultValue": undefined,
          "referenceDef": false,
        },
        "name": Object {
          "defaultValue": undefined,
          "referenceDef": false,
        },
      },
      "id": -10,
      "type": "flow.PropertySet",
    },
    "label": "applications",
    "name": "Dynamic",
  },
]
`;

exports[`ListDataView should be fetched data by \`page\` 3`] = `
Array [
  Object {
    "__META__": Object {
      "MODEL_PERSISTED_FIELD": false,
      "collection": undefined,
      "fields": Object {
        "label": Object {
          "defaultValue": undefined,
          "referenceDef": false,
        },
        "name": Object {
          "defaultValue": undefined,
          "referenceDef": false,
        },
      },
      "id": -11,
      "type": "flow.PropertySet",
    },
    "label": "Cambridgeshire",
    "name": "Accounts",
  },
  Object {
    "__META__": Object {
      "MODEL_PERSISTED_FIELD": false,
      "collection": undefined,
      "fields": Object {
        "label": Object {
          "defaultValue": undefined,
          "referenceDef": false,
        },
        "name": Object {
          "defaultValue": undefined,
          "referenceDef": false,
        },
      },
      "id": -12,
      "type": "flow.PropertySet",
    },
    "label": "withdrawal",
    "name": "Solutions",
  },
  Object {
    "__META__": Object {
      "MODEL_PERSISTED_FIELD": false,
      "collection": undefined,
      "fields": Object {
        "label": Object {
          "defaultValue": undefined,
          "referenceDef": false,
        },
        "name": Object {
          "defaultValue": undefined,
          "referenceDef": false,
        },
      },
      "id": -13,
      "type": "flow.PropertySet",
    },
    "label": "Practical Wooden Shirt",
    "name": "mint green",
  },
  Object {
    "__META__": Object {
      "MODEL_PERSISTED_FIELD": false,
      "collection": undefined,
      "fields": Object {
        "label": Object {
          "defaultValue": undefined,
          "referenceDef": false,
        },
        "name": Object {
          "defaultValue": undefined,
          "referenceDef": false,
        },
      },
      "id": -14,
      "type": "flow.PropertySet",
    },
    "label": "Falls",
    "name": "pixel",
  },
  Object {
    "__META__": Object {
      "MODEL_PERSISTED_FIELD": false,
      "collection": undefined,
      "fields": Object {
        "label": Object {
          "defaultValue": undefined,
          "referenceDef": false,
        },
        "name": Object {
          "defaultValue": undefined,
          "referenceDef": false,
        },
      },
      "id": -15,
      "type": "flow.PropertySet",
    },
    "label": "array",
    "name": "Isle of Man",
  },
  Object {
    "__META__": Object {
      "MODEL_PERSISTED_FIELD": false,
      "collection": undefined,
      "fields": Object {
        "label": Object {
          "defaultValue": undefined,
          "referenceDef": false,
        },
        "name": Object {
          "defaultValue": undefined,
          "referenceDef": false,
        },
      },
      "id": -16,
      "type": "flow.PropertySet",
    },
    "label": "Rubber",
    "name": "deploy",
  },
  Object {
    "__META__": Object {
      "MODEL_PERSISTED_FIELD": false,
      "collection": undefined,
      "fields": Object {
        "label": Object {
          "defaultValue": undefined,
          "referenceDef": false,
        },
        "name": Object {
          "defaultValue": undefined,
          "referenceDef": false,
        },
      },
      "id": -17,
      "type": "flow.PropertySet",
    },
    "label": "Synergistic",
    "name": "Home Loan Account",
  },
  Object {
    "__META__": Object {
      "MODEL_PERSISTED_FIELD": false,
      "collection": undefined,
      "fields": Object {
        "label": Object {
          "defaultValue": undefined,
          "referenceDef": false,
        },
        "name": Object {
          "defaultValue": undefined,
          "referenceDef": false,
        },
      },
      "id": -18,
      "type": "flow.PropertySet",
    },
    "label": "innovate",
    "name": "Checking Account",
  },
  Object {
    "__META__": Object {
      "MODEL_PERSISTED_FIELD": false,
      "collection": undefined,
      "fields": Object {
        "label": Object {
          "defaultValue": undefined,
          "referenceDef": false,
        },
        "name": Object {
          "defaultValue": undefined,
          "referenceDef": false,
        },
      },
      "id": -19,
      "type": "flow.PropertySet",
    },
    "label": "Tools",
    "name": "engage",
  },
  Object {
    "__META__": Object {
      "MODEL_PERSISTED_FIELD": false,
      "collection": undefined,
      "fields": Object {
        "label": Object {
          "defaultValue": undefined,
          "referenceDef": false,
        },
        "name": Object {
          "defaultValue": undefined,
          "referenceDef": false,
        },
      },
      "id": -20,
      "type": "flow.PropertySet",
    },
    "label": "applications",
    "name": "Dynamic",
  },
]
`;

exports[`ListDataView should be fetched data by \`page\` 4`] = `
Array [
  Object {
    "__META__": Object {
      "MODEL_PERSISTED_FIELD": false,
      "collection": undefined,
      "fields": Object {
        "label": Object {
          "defaultValue": undefined,
          "referenceDef": false,
        },
        "name": Object {
          "defaultValue": undefined,
          "referenceDef": false,
        },
      },
      "id": -11,
      "type": "flow.PropertySet",
    },
    "label": "Cambridgeshire",
    "name": "Accounts",
  },
  Object {
    "__META__": Object {
      "MODEL_PERSISTED_FIELD": false,
      "collection": undefined,
      "fields": Object {
        "label": Object {
          "defaultValue": undefined,
          "referenceDef": false,
        },
        "name": Object {
          "defaultValue": undefined,
          "referenceDef": false,
        },
      },
      "id": -12,
      "type": "flow.PropertySet",
    },
    "label": "withdrawal",
    "name": "Solutions",
  },
  Object {
    "__META__": Object {
      "MODEL_PERSISTED_FIELD": false,
      "collection": undefined,
      "fields": Object {
        "label": Object {
          "defaultValue": undefined,
          "referenceDef": false,
        },
        "name": Object {
          "defaultValue": undefined,
          "referenceDef": false,
        },
      },
      "id": -13,
      "type": "flow.PropertySet",
    },
    "label": "Practical Wooden Shirt",
    "name": "mint green",
  },
  Object {
    "__META__": Object {
      "MODEL_PERSISTED_FIELD": false,
      "collection": undefined,
      "fields": Object {
        "label": Object {
          "defaultValue": undefined,
          "referenceDef": false,
        },
        "name": Object {
          "defaultValue": undefined,
          "referenceDef": false,
        },
      },
      "id": -14,
      "type": "flow.PropertySet",
    },
    "label": "Falls",
    "name": "pixel",
  },
  Object {
    "__META__": Object {
      "MODEL_PERSISTED_FIELD": false,
      "collection": undefined,
      "fields": Object {
        "label": Object {
          "defaultValue": undefined,
          "referenceDef": false,
        },
        "name": Object {
          "defaultValue": undefined,
          "referenceDef": false,
        },
      },
      "id": -15,
      "type": "flow.PropertySet",
    },
    "label": "array",
    "name": "Isle of Man",
  },
  Object {
    "__META__": Object {
      "MODEL_PERSISTED_FIELD": false,
      "collection": undefined,
      "fields": Object {
        "label": Object {
          "defaultValue": undefined,
          "referenceDef": false,
        },
        "name": Object {
          "defaultValue": undefined,
          "referenceDef": false,
        },
      },
      "id": -16,
      "type": "flow.PropertySet",
    },
    "label": "Rubber",
    "name": "deploy",
  },
  Object {
    "__META__": Object {
      "MODEL_PERSISTED_FIELD": false,
      "collection": undefined,
      "fields": Object {
        "label": Object {
          "defaultValue": undefined,
          "referenceDef": false,
        },
        "name": Object {
          "defaultValue": undefined,
          "referenceDef": false,
        },
      },
      "id": -17,
      "type": "flow.PropertySet",
    },
    "label": "Synergistic",
    "name": "Home Loan Account",
  },
  Object {
    "__META__": Object {
      "MODEL_PERSISTED_FIELD": false,
      "collection": undefined,
      "fields": Object {
        "label": Object {
          "defaultValue": undefined,
          "referenceDef": false,
        },
        "name": Object {
          "defaultValue": undefined,
          "referenceDef": false,
        },
      },
      "id": -18,
      "type": "flow.PropertySet",
    },
    "label": "innovate",
    "name": "Checking Account",
  },
  Object {
    "__META__": Object {
      "MODEL_PERSISTED_FIELD": false,
      "collection": undefined,
      "fields": Object {
        "label": Object {
          "defaultValue": undefined,
          "referenceDef": false,
        },
        "name": Object {
          "defaultValue": undefined,
          "referenceDef": false,
        },
      },
      "id": -19,
      "type": "flow.PropertySet",
    },
    "label": "Tools",
    "name": "engage",
  },
  Object {
    "__META__": Object {
      "MODEL_PERSISTED_FIELD": false,
      "collection": undefined,
      "fields": Object {
        "label": Object {
          "defaultValue": undefined,
          "referenceDef": false,
        },
        "name": Object {
          "defaultValue": undefined,
          "referenceDef": false,
        },
      },
      "id": -20,
      "type": "flow.PropertySet",
    },
    "label": "applications",
    "name": "Dynamic",
  },
]
`;

exports[`ListDataView should be fetched data by \`page\` 5`] = `
Array [
  Object {
    "__META__": Object {
      "MODEL_PERSISTED_FIELD": false,
      "collection": undefined,
      "fields": Object {
        "label": Object {
          "defaultValue": undefined,
          "referenceDef": false,
        },
        "name": Object {
          "defaultValue": undefined,
          "referenceDef": false,
        },
      },
      "id": -21,
      "type": "flow.PropertySet",
    },
    "label": "Cambridgeshire",
    "name": "Accounts",
  },
  Object {
    "__META__": Object {
      "MODEL_PERSISTED_FIELD": false,
      "collection": undefined,
      "fields": Object {
        "label": Object {
          "defaultValue": undefined,
          "referenceDef": false,
        },
        "name": Object {
          "defaultValue": undefined,
          "referenceDef": false,
        },
      },
      "id": -22,
      "type": "flow.PropertySet",
    },
    "label": "withdrawal",
    "name": "Solutions",
  },
  Object {
    "__META__": Object {
      "MODEL_PERSISTED_FIELD": false,
      "collection": undefined,
      "fields": Object {
        "label": Object {
          "defaultValue": undefined,
          "referenceDef": false,
        },
        "name": Object {
          "defaultValue": undefined,
          "referenceDef": false,
        },
      },
      "id": -23,
      "type": "flow.PropertySet",
    },
    "label": "Practical Wooden Shirt",
    "name": "mint green",
  },
  Object {
    "__META__": Object {
      "MODEL_PERSISTED_FIELD": false,
      "collection": undefined,
      "fields": Object {
        "label": Object {
          "defaultValue": undefined,
          "referenceDef": false,
        },
        "name": Object {
          "defaultValue": undefined,
          "referenceDef": false,
        },
      },
      "id": -24,
      "type": "flow.PropertySet",
    },
    "label": "Falls",
    "name": "pixel",
  },
  Object {
    "__META__": Object {
      "MODEL_PERSISTED_FIELD": false,
      "collection": undefined,
      "fields": Object {
        "label": Object {
          "defaultValue": undefined,
          "referenceDef": false,
        },
        "name": Object {
          "defaultValue": undefined,
          "referenceDef": false,
        },
      },
      "id": -25,
      "type": "flow.PropertySet",
    },
    "label": "array",
    "name": "Isle of Man",
  },
  Object {
    "__META__": Object {
      "MODEL_PERSISTED_FIELD": false,
      "collection": undefined,
      "fields": Object {
        "label": Object {
          "defaultValue": undefined,
          "referenceDef": false,
        },
        "name": Object {
          "defaultValue": undefined,
          "referenceDef": false,
        },
      },
      "id": -26,
      "type": "flow.PropertySet",
    },
    "label": "Rubber",
    "name": "deploy",
  },
  Object {
    "__META__": Object {
      "MODEL_PERSISTED_FIELD": false,
      "collection": undefined,
      "fields": Object {
        "label": Object {
          "defaultValue": undefined,
          "referenceDef": false,
        },
        "name": Object {
          "defaultValue": undefined,
          "referenceDef": false,
        },
      },
      "id": -27,
      "type": "flow.PropertySet",
    },
    "label": "Synergistic",
    "name": "Home Loan Account",
  },
  Object {
    "__META__": Object {
      "MODEL_PERSISTED_FIELD": false,
      "collection": undefined,
      "fields": Object {
        "label": Object {
          "defaultValue": undefined,
          "referenceDef": false,
        },
        "name": Object {
          "defaultValue": undefined,
          "referenceDef": false,
        },
      },
      "id": -28,
      "type": "flow.PropertySet",
    },
    "label": "innovate",
    "name": "Checking Account",
  },
  Object {
    "__META__": Object {
      "MODEL_PERSISTED_FIELD": false,
      "collection": undefined,
      "fields": Object {
        "label": Object {
          "defaultValue": undefined,
          "referenceDef": false,
        },
        "name": Object {
          "defaultValue": undefined,
          "referenceDef": false,
        },
      },
      "id": -29,
      "type": "flow.PropertySet",
    },
    "label": "Tools",
    "name": "engage",
  },
  Object {
    "__META__": Object {
      "MODEL_PERSISTED_FIELD": false,
      "collection": undefined,
      "fields": Object {
        "label": Object {
          "defaultValue": undefined,
          "referenceDef": false,
        },
        "name": Object {
          "defaultValue": undefined,
          "referenceDef": false,
        },
      },
      "id": -30,
      "type": "flow.PropertySet",
    },
    "label": "applications",
    "name": "Dynamic",
  },
]
`;
